verify	Run npm test	﻿2026-10-06T01:12:31.7736899Z ##[group]Run npm test
verify	Run npm test	2026-10-06T01:12:31.7737107Z [36;1mnpm test[0m
verify	Run npm test	2026-10-06T01:12:31.7792874Z shell: /usr/bin/bash -e {0}
verify	Run npm test	2026-10-06T01:12:31.7793069Z ##[endgroup]
verify	Run npm test	2026-10-06T01:12:31.8526770Z
verify	Run npm test	2026-10-06T01:12:31.8527487Z > loop-engineer-test@1.0.0 test
verify	Run npm test	2026-10-06T01:12:31.8527815Z > node --test tests/*.test.mjs
verify	Run npm test	2026-10-06T01:12:31.8527940Z
verify	Run npm test	2026-10-06T01:12:31.8914528Z TAP version 13
verify	Run npm test	2026-10-06T01:12:31.9214148Z # Subtest: money rounds ordinary values
verify	Run npm test	2026-10-06T01:12:31.9215531Z ok 1 - money rounds ordinary values
verify	Run npm test	2026-10-06T01:12:31.9216013Z   ---
verify	Run npm test	2026-10-06T01:12:31.9216406Z   duration_ms: 0.748832
verify	Run npm test	2026-10-06T01:12:31.9216897Z   type: 'test'
verify	Run npm test	2026-10-06T01:12:31.9217255Z   ...
verify	Run npm test	2026-10-06T01:12:31.9217777Z # Subtest: money rejects non-finite values
verify	Run npm test	2026-10-06T01:12:31.9234621Z ok 2 - money rejects non-finite values
verify	Run npm test	2026-10-06T01:12:31.9238633Z   ---
verify	Run npm test	2026-10-06T01:12:32.3175315Z   duration_ms: 0.368392
verify	Run npm test	2026-10-06T01:12:32.3175722Z   type: 'test'
verify	Run npm test	2026-10-06T01:12:32.3175869Z   ...
verify	Run npm test	2026-10-06T01:12:32.3176234Z # Subtest: fresh ledger permits a report-only run
verify	Run npm test	2026-10-06T01:12:32.3176916Z ok 3 - fresh ledger permits a report-only run
verify	Run npm test	2026-10-06T01:12:32.3177379Z   ---
verify	Run npm test	2026-10-06T01:12:32.3177820Z   duration_ms: 33.497628
verify	Run npm test	2026-10-06T01:12:32.3178010Z   type: 'test'
verify	Run npm test	2026-10-06T01:12:32.3178156Z   ...
verify	Run npm test	2026-10-06T01:12:32.3179591Z # Subtest: repeated failure trips circuit breaker
verify	Run npm test	2026-10-06T01:12:32.3180582Z ok 4 - repeated failure trips circuit breaker
verify	Run npm test	2026-10-06T01:12:32.3180917Z   ---
verify	Run npm test	2026-10-06T01:12:32.3181177Z   duration_ms: 28.919373
verify	Run npm test	2026-10-06T01:12:32.3181497Z   type: 'test'
verify	Run npm test	2026-10-06T01:12:32.3181766Z   ...
verify	Run npm test	2026-10-06T01:12:32.3185511Z # Subtest: token cap trips circuit breaker
verify	Run npm test	2026-10-06T01:12:32.3185742Z ok 5 - token cap trips circuit breaker
verify	Run npm test	2026-10-06T01:12:32.3185910Z   ---
verify	Run npm test	2026-10-06T01:12:32.3186108Z   duration_ms: 27.892505
verify	Run npm test	2026-10-06T01:12:32.3186760Z   type: 'test'
verify	Run npm test	2026-10-06T01:12:32.3186981Z   ...
verify	Run npm test	2026-10-06T01:12:32.3188442Z # Subtest: sensitive paths require escalation
verify	Run npm test	2026-10-06T01:12:32.3189690Z ok 6 - sensitive paths require escalation
verify	Run npm test	2026-10-06T01:12:32.3189960Z   ---
verify	Run npm test	2026-10-06T01:12:32.3190165Z   duration_ms: 57.959018
verify	Run npm test	2026-10-06T01:12:32.3190417Z   type: 'test'
verify	Run npm test	2026-10-06T01:12:32.3190628Z   ...
verify	Run npm test	2026-10-06T01:12:32.3191453Z # Subtest: L3 policy prevents documentation auto-merge
verify	Run npm test	2026-10-06T01:12:32.3192113Z ok 7 - L3 policy prevents documentation auto-merge
verify	Run npm test	2026-10-06T01:12:32.3206423Z   ---
verify	Run npm test	2026-10-06T01:12:32.3209205Z   duration_ms: 60.925195
verify	Run npm test	2026-10-06T01:12:32.3209451Z   type: 'test'
verify	Run npm test	2026-10-06T01:12:32.3209636Z   ...
verify	Run npm test	2026-10-06T01:12:32.3210122Z # Subtest: non-sensitive changes can be reviewed for a manual commit
verify	Run npm test	2026-10-06T01:12:32.3210597Z ok 8 - non-sensitive changes can be reviewed for a manual commit
verify	Run npm test	2026-10-06T01:12:32.3211005Z   ---
verify	Run npm test	2026-10-06T01:12:32.3211347Z   duration_ms: 57.932302
verify	Run npm test	2026-10-06T01:12:32.3211571Z   type: 'test'
verify	Run npm test	2026-10-06T01:12:32.3211784Z   ...
verify	Run npm test	2026-10-06T01:12:32.3212070Z # Subtest: kill switch stops before invoking any tools
verify	Run npm test	2026-10-06T01:12:32.3212719Z ok 9 - kill switch stops before invoking any tools
verify	Run npm test	2026-10-06T01:12:32.3212988Z   ---
verify	Run npm test	2026-10-06T01:12:32.3213176Z   duration_ms: 25.154334
verify	Run npm test	2026-10-06T01:12:32.3213385Z   type: 'test'
verify	Run npm test	2026-10-06T01:12:32.3213564Z   ...
verify	Run npm test	2026-10-06T01:12:32.3213831Z # Subtest: L3 allows implementation repairs only
verify	Run npm test	2026-10-06T01:12:32.3214190Z ok 10 - L3 allows implementation repairs only
verify	Run npm test	2026-10-06T01:12:32.3214459Z   ---
verify	Run npm test	2026-10-06T01:12:32.3214655Z   duration_ms: 54.586161
verify	Run npm test	2026-10-06T01:12:32.3214951Z   type: 'test'
verify	Run npm test	2026-10-06T01:12:32.3215152Z   ...
verify	Run npm test	2026-10-06T01:12:32.3215401Z # Subtest: L3 rejects test changes
verify	Run npm test	2026-10-06T01:12:32.3215889Z ok 11 - L3 rejects test changes
verify	Run npm test	2026-10-06T01:12:32.3216139Z   ---
verify	Run npm test	2026-10-06T01:12:32.3216341Z   duration_ms: 53.909346
verify	Run npm test	2026-10-06T01:12:32.3216581Z   type: 'test'
verify	Run npm test	2026-10-06T01:12:32.3216774Z   ...
verify	Run npm test	2026-10-06T01:12:32.3276854Z # Subtest: rounds decimal half-cent values away from zero
verify	Run npm test	2026-10-06T01:12:32.3278461Z not ok 12 - rounds decimal half-cent values away from zero
verify	Run npm test	2026-10-06T01:12:32.3279517Z   ---
verify	Run npm test	2026-10-06T01:12:32.3279723Z   duration_ms: 1.313349
verify	Run npm test	2026-10-06T01:12:32.3279962Z   type: 'test'
verify	Run npm test	2026-10-06T01:12:32.3280384Z   location: '/home/runner/work/loop-test/loop-test/tests/money.test.mjs:4:1'
verify	Run npm test	2026-10-06T01:12:32.3280833Z   failureType: 'testCodeFailure'
verify	Run npm test	2026-10-06T01:12:32.3281108Z   error: |-
verify	Run npm test	2026-10-06T01:12:32.3281363Z     Expected values to be strictly equal:
verify	Run npm test	2026-10-06T01:12:32.3281584Z
verify	Run npm test	2026-10-06T01:12:32.3281711Z     1 !== 1.01
verify	Run npm test	2026-10-06T01:12:32.3281837Z
verify	Run npm test	2026-10-06T01:12:32.3281962Z   code: 'ERR_ASSERTION'
verify	Run npm test	2026-10-06T01:12:32.3282118Z   name: 'AssertionError'
verify	Run npm test	2026-10-06T01:12:32.3282603Z   expected: 1.01
verify	Run npm test	2026-10-06T01:12:32.3282741Z   actual: 1
verify	Run npm test	2026-10-06T01:12:32.3282888Z   operator: 'strictEqual'
verify	Run npm test	2026-10-06T01:12:32.3283060Z   stack: |-
verify	Run npm test	2026-10-06T01:12:32.3283396Z     TestContext.<anonymous> (file:///home/runner/work/loop-test/loop-test/tests/money.test.mjs:5:107)
verify	Run npm test	2026-10-06T01:12:32.3283758Z     Test.runInAsyncScope (node:async_hooks:214:14)
verify	Run npm test	2026-10-06T01:12:32.3284005Z     Test.run (node:internal/test_runner/test:1047:25)
verify	Run npm test	2026-10-06T01:12:32.3284240Z     Test.start (node:internal/test_runner/test:944:17)
verify	Run npm test	2026-10-06T01:12:32.3284513Z     startSubtestAfterBootstrap (node:internal/test_runner/harness:296:17)
verify	Run npm test	2026-10-06T01:12:32.3284759Z   ...
verify	Run npm test	2026-10-06T01:12:32.3284873Z 1..12
verify	Run npm test	2026-10-06T01:12:32.3284991Z # tests 12
verify	Run npm test	2026-10-06T01:12:32.3285118Z # suites 0
verify	Run npm test	2026-10-06T01:12:32.3285256Z # pass 11
verify	Run npm test	2026-10-06T01:12:32.3285385Z # fail 1
verify	Run npm test	2026-10-06T01:12:32.3285508Z # cancelled 0
verify	Run npm test	2026-10-06T01:12:32.3285635Z # skipped 0
verify	Run npm test	2026-10-06T01:12:32.3292798Z # todo 0
verify	Run npm test	2026-10-06T01:12:32.3293056Z # duration_ms 450.332256
verify	Run npm test	2026-10-06T01:12:32.3396571Z ##[error]Process completed with exit code 1.
